// Jest Snapshot v1, https://goo.gl/fbAQLP

exports[`SpriteServer.dropUser() should propagate errors from internal methods 1`] = `[Error: Could not drop user non-empty string.]`;
