// Jest Snapshot v1, https://goo.gl/fbAQLP

exports[`SpriteDatabase.newTransaction() should error if it receives a non-204 response 1`] = `[Error: Unable to begin transaction in database "Test".]`;

exports[`SpriteDatabase.newTransaction() should error if the headers do not contain an arcadedb-session-id 1`] = `[Error: Unable to begin transaction in database "Test".]`;

exports[`SpriteDatabase.newTransaction() should propagate errors from internal methods 1`] = `[Error: Unable to begin transaction in database "Test".]`;
