// Jest Snapshot v1, https://goo.gl/fbAQLP

exports[`SpriteDatabase.query propagates errors from ArcadeDB 1`] = `[ArcadeDatabaseError: Cannot execute command. Query engine 'INVALID_LANGUAGE' was not found. Check your configuration.]`;
