// Jest Snapshot v1, https://goo.gl/fbAQLP

exports[`SqlDialect.insertRecord() propagates errors from internal methods 1`] = `[Error: Unable to build CREATE EDGE sql command.]`;
