// Jest Snapshot v1, https://goo.gl/fbAQLP

exports[`Auth.basic() should propagate errors from internal methods 1`] = `"There was an error building the authorization header"`;
