// Jest Snapshot v1, https://goo.gl/fbAQLP

exports[`Server.closeDatabase() should propagate errors from internal methods 1`] = `[Error: Unabled to close database "SpriteIntegrationTesting]`;
