// Jest Snapshot v1, https://goo.gl/fbAQLP

exports[`SpriteServer.getEvents() should propagate errors from internal methods 1`] = `[Error: There was an error when attempting to retrieve ArcadeDB server event logs.]`;
