// Jest Snapshot v1, https://goo.gl/fbAQLP

exports[`SpriteServer.getInformation() should return an error for a 403 status 1`] = `[Error: Could not get ArcadeDB server information.]`;
