// Jest Snapshot v1, https://goo.gl/fbAQLP

exports[`SpriteServer.listDatabases() should return an error for a 403 status 1`] = `[Error: Encountered an error when attemping to fetch list of databases from the server.]`;
