// Jest Snapshot v1, https://goo.gl/fbAQLP

exports[`SpriteServer.shutdown() should propagate errors from internal methods 1`] = `[Error: There was an error when attempting to shutdown the ArcadeDB server at.]`;
