// Jest Snapshot v1, https://goo.gl/fbAQLP

exports[`SpriteRestClient.getConnection() should propagate errors form internal methods calls 1`] = `"There was an error building the connection object."`;
