// Jest Snapshot v1, https://goo.gl/fbAQLP

exports[`SpriteTransaction.rollback() should error for a non-204 response 1`] = `[Error: Unable to rollback transaction AS-0000000-0000-0000-0000-00000000000]`;

exports[`SpriteTransaction.rollback() should propagate errors from internal methods 1`] = `[Error: Unable to rollback transaction undefined]`;

exports[`SpriteTransaction.rollback() should propagate errors from the server 1`] = `[Error: Unable to rollback transaction AS-0000000-0000-0000-0000-00000000000]`;
