// Jest Snapshot v1, https://goo.gl/fbAQLP

exports[`Database.getSchema() should propagate errors from the server 1`] = `[Error: Could not retreive schema from database: Imported]`;
