// Jest Snapshot v1, https://goo.gl/fbAQLP

exports[`SpriteTransaction.crud() forwards errors from internal methods 1`] = `[Error: Could not perform CRUD operation non-empty string]`;
