// Jest Snapshot v1, https://goo.gl/fbAQLP

exports[`SqlDialect.deleteFrom() should propagate errors from the database 1`] = `[Error: Could not delete record of type: ['INVALID_TYPE'], from database ['SpriteIntegrationTesting'], where: ['["@rid","==","invalid"]'].]`;
