// Jest Snapshot v1, https://goo.gl/fbAQLP

exports[`SpriteServer.createDatabase should propagate errors from the database 1`] = `[Error: Failed to create database "CreateDatabaseTestDatabase".]`;
